// Jest Snapshot v1, https://goo.gl/fbAQLP

exports[`Storyshots components|CardDeck Base 1`] = `
Array [
  <div
    className=""
  >
    <div
      className="ae"
      data-baseweb="block"
    >
      <h2
        className="af ag ah ai aj"
        data-baseweb="block"
      >
        Popular movies
      </h2>
      <div
        className="ak al ae am"
        onMouseEnter={[Function]}
        onMouseLeave={[Function]}
      >
        <ul
          className="an ao ap ak aq ar as at au av aw"
        >
          <li
            className="ax ay"
          >
            <div
              className="az b0 b1 b2 b3 b4 b5 b6 b7 b8 b9 ba"
              data-baseweb="card"
              onClick={[Function]}
            >
              <img
                className="b3 b4 bb bc"
                src="https://image.tmdb.org/t/p/w500/8j58iEBw9pOXFD2L0nt0ZXeHviB.jpg"
              />
              <div
                className="bd be bf bg"
              >
                <div
                  className="bh bi ag bj bk bl"
                />
              </div>
            </div>
          </li>
          <li
            className="ax ay"
          >
            <div
              className="az b0 b1 b2 b3 b4 b5 b6 b7 b8 b9 ba"
              data-baseweb="card"
              onClick={[Function]}
            >
              <img
                className="b3 b4 bb bc"
                src="https://image.tmdb.org/t/p/w500/vqzNJRH4YyquRiWxCCOH0aXggHI.jpg"
              />
              <div
                className="bd be bf bg"
              >
                <div
                  className="bh bi ag bj bk bl"
                />
              </div>
            </div>
          </li>
          <li
            className="ax ay"
          >
            <div
              className="az b0 b1 b2 b3 b4 b5 b6 b7 b8 b9 ba"
              data-baseweb="card"
              onClick={[Function]}
            >
              <img
                className="b3 b4 bb bc"
                src="https://image.tmdb.org/t/p/w500/tBuabjEqxzoUBHfbyNbd8ulgy5j.jpg"
              />
              <div
                className="bd be bf bg"
              >
                <div
                  className="bh bi ag bj bk bl"
                />
              </div>
            </div>
          </li>
          <li
            className="ax ay"
          >
            <div
              className="az b0 b1 b2 b3 b4 b5 b6 b7 b8 b9 ba"
              data-baseweb="card"
              onClick={[Function]}
            >
              <img
                className="b3 b4 bb bc"
                src="https://image.tmdb.org/t/p/w500/p69QzIBbN06aTYqRRiCOY1emNBh.jpg"
              />
              <div
                className="bd be bf bg"
              >
                <div
                  className="bh bi ag bj bk bl"
                />
              </div>
            </div>
          </li>
          <li
            className="ax ay"
          >
            <div
              className="az b0 b1 b2 b3 b4 b5 b6 b7 b8 b9 ba"
              data-baseweb="card"
              onClick={[Function]}
            >
              <img
                className="b3 b4 bb bc"
                src="https://image.tmdb.org/t/p/w500/pIcV8XXIIvJCbtPoxF9qHMKdRr2.jpg"
              />
              <div
                className="bd be bf bg"
              >
                <div
                  className="bh bi ag bj bk bl"
                />
              </div>
            </div>
          </li>
          <li
            className="ax ay"
          >
            <div
              className="az b0 b1 b2 b3 b4 b5 b6 b7 b8 b9 ba"
              data-baseweb="card"
              onClick={[Function]}
            >
              <img
                className="b3 b4 bb bc"
                src="https://image.tmdb.org/t/p/w500/7IiTTgloJzvGI1TAYymCfbfl3vT.jpg"
              />
              <div
                className="bd be bf bg"
              >
                <div
                  className="bh bi ag bj bk bl"
                />
              </div>
            </div>
          </li>
          <li
            className="ax ay"
          >
            <div
              className="az b0 b1 b2 b3 b4 b5 b6 b7 b8 b9 ba"
              data-baseweb="card"
              onClick={[Function]}
            >
              <img
                className="b3 b4 bb bc"
                src="https://image.tmdb.org/t/p/w500/jIbTPKCRWgmS2HaafKXeRaPHMGp.jpg"
              />
              <div
                className="bd be bf bg"
              >
                <div
                  className="bh bi ag bj bk bl"
                />
              </div>
            </div>
          </li>
        </ul>
        <button
          className="bm bn bo b8 bp bq br bs bt bu bv bw bx by"
          onClick={[Function]}
        >
          &lt;
        </button>
        <button
          className="bm bn bo b8 bp bq br bs bt bu bv bw bx bz"
          onClick={[Function]}
        >
          &gt;
        </button>
      </div>
    </div>
  </div>,
  <div
    className=""
  />,
]
`;

exports[`Storyshots components|HeaderNavigation Base 1`] = `
Array [
  <div
    className=""
  >
    <nav
      className="ag c1 bk c2 ar c3 c4 c5 c6 c7 bn by bz c8 c9 ca cb cc"
      data-baseweb="header-navigation"
      role="navigation"
    >
      <div
        className="ar cd ce cf cg ch ci cj"
      >
        <div
          className="ck cg"
        >
          <h1
            className="cl c0"
            data-baseweb="block"
          >
            Next Movie
          </h1>
        </div>
      </div>
      <div
        className="ar cd ce cm cg ch cn co"
      />
      <div
        className="ar cd ce cf cg ch cp cq"
      >
        <div
          className="bx cr cs ct"
          data-baseweb="block"
        >
          <div
            className="ag bj bk bl cu ar ak"
            data-baseweb="input"
          >
            <div
              className="ay ar ak cv b0 cw cx cy b3 b5 b4 b6 ag bj bk bl cu cz d0"
              data-baseweb="base-input"
            >
              <div
                className="ar d1 d2"
              >
                <svg
                  className="d3 d4 d5 d6 d7"
                  data-baseweb="icon"
                  viewBox="0 0 24 24"
                >
                  <title>
                    Search
                  </title>
                  <path
                    clipRule="evenodd"
                    d="M11 6C8.79086 6 7 7.79086 7 10C7 12.2091 8.79086 14 11 14C13.2091 14 15 12.2091 15 10C15 7.79086 13.2091 6 11 6ZM5 10C5 6.68629 7.68629 4 11 4C14.3137 4 17 6.68629 17 10C17 11.2958 16.5892 12.4957 15.8907 13.4765L19.7071 17.2929C20.0976 17.6834 20.0976 18.3166 19.7071 18.7071C19.3166 19.0976 18.6834 19.0976 18.2929 18.7071L14.4765 14.8907C13.4957 15.5892 12.2958 16 11 16C7.68629 16 5 13.3137 5 10Z"
                    fillRule="evenodd"
                  />
                </svg>
              </div>
              <input
                aria-describedby={null}
                aria-invalid={false}
                aria-label={null}
                aria-labelledby={null}
                aria-required={false}
                autoComplete="on"
                className="ay d8 d9 da db ak bc dc cl dd de df dg ag bj bk bl cu dh di"
                disabled={false}
                inputMode="text"
                name=""
                onBlur={[Function]}
                onChange={[Function]}
                onFocus={[Function]}
                onKeyDown={[Function]}
                onKeyPress={[Function]}
                onKeyUp={[Function]}
                pattern={null}
                placeholder="Search a movie by title"
                required={false}
                rows={null}
                type="text"
              />
            </div>
          </div>
        </div>
        <div
          className="ck cg"
        >
          <button
            className="dj d1 co d9 da dk db dl dm cx cy b8 dn do dp dq dr ds dt ag c1 du c2 b4 b6 b3 b5 dd de d2 dv dw dx dy dz e0"
            data-baseweb="button"
            disabled={false}
            onClick={[Function]}
          >
            Sign In
          </button>
        </div>
        <div
          className="ck cg"
        />
      </div>
    </nav>
  </div>,
  <div
    className=""
  />,
]
`;

exports[`Storyshots components|Hero Base 1`] = `
Array [
  <div
    className=""
  >
    <div
      className="ak"
    >
      <div
        className="bm ak e1 al"
      >
        <div
          className="ak aq bm e2 e3"
        />
        <div
          className="bm by bz bo e4 e5"
        />
        <img
          alt="No backdrop"
          className="ak aq e6"
          src="https://image.tmdb.org/t/p/original/zTxHf9iIOCqRbxvl8W5QYKrsMLq.jpg"
        />
      </div>
      <div
        className="ar ae e7 cg ch e8 e9"
      >
        <div
          className="ea bx eb al ec ed"
        >
          <img
            alt="No poster"
            className="ak ee"
            src="https://image.tmdb.org/t/p/w500/9Vp8MKqrwRAtvACF7PBwbvdG4dq.jpg"
          />
        </div>
        <div
          className="cm ar ef"
        >
          <div
            className=""
          >
            <h2
              className="eg ag eh du ei br"
            >
              Jumanji: The Next Level
            </h2>
            <h3
              className="ej ag bt du aj"
            >
              December 12, 2019
            </h3>
            <div
              className=""
            >
              <button
                className="dj d1 co d9 da dk db dl dm cx cy b8 dn do dp dq dr ds dt ag c1 du c2 b4 b6 b3 b5 dd de d2 dv dw dx dy dz e0"
                data-baseweb="button"
                disabled={false}
                onClick={[Function]}
              >
                <div
                  className="ar ek"
                >
                  <svg
                    className="d3 d4 d5 el em"
                    data-baseweb="icon"
                    viewBox="0 0 24 24"
                  >
                    <title>
                      Plus
                    </title>
                    <path
                      clipRule="evenodd"
                      d="M12 5C12.5523 5 13 5.44772 13 6V11L18 11C18.5523 11 19 11.4477 19 12C19 12.5523 18.5523 13 18 13L13 13V18C13 18.5523 12.5523 19 12 19C11.4477 19 11 18.5523 11 18V13L6 13C5.44772 13 5 12.5523 5 12C5 11.4477 5.44771 11 6 11L11 11V6C11 5.44772 11.4477 5 12 5Z"
                      fillRule="evenodd"
                    />
                  </svg>
                </div>
                Watchlist
              </button>
              <div
                className="en eo"
                data-baseweb="block"
              />
              <button
                className="dj d1 co d9 da dk db dl dm cx cy b8 dn do dp dq dr ds dt ag c1 du c2 b4 b6 b3 b5 dd de d2 dv cu d0 ep eq er"
                data-baseweb="button"
                disabled={false}
                onClick={[Function]}
              >
                <div
                  className="ar ek"
                >
                  <svg
                    className="d3 d4 d5 el em"
                    data-baseweb="icon"
                    viewBox="0 0 20 20"
                  >
                    <title>
                      Show
                    </title>
                    <path
                      d="M.2 10a11 11 0 0119.6 0A11 11 0 01.2 10zm9.8 4a4 4 0 100-8 4 4 0 000 8zm0-2a2 2 0 110-4 2 2 0 010 4z"
                    />
                  </svg>
                </div>
                More Info
              </button>
            </div>
          </div>
          <div
            className="es ar ck et eu"
          >
            <button
              className="bq ev b8 ae ew ex ax ey ez"
              onClick={[Function]}
            >
              <div
                className="ak aq bm e2 f0"
              />
              <img
                alt="No backdrop"
                className="ak ee"
                src="https://image.tmdb.org/t/p/original/zTxHf9iIOCqRbxvl8W5QYKrsMLq.jpg"
              />
            </button>
            <button
              className="bq ev b8 ae ew ex ax ey ez"
              onClick={[Function]}
            >
              <div
                className="ak aq bm e2 f1"
              />
              <img
                alt="No backdrop"
                className="ak ee"
                src="https://image.tmdb.org/t/p/w1280/1ZSjrBUHP2jm1QlQEyLGufL289q.jpg"
              />
            </button>
            <button
              className="bq ev b8 ae ew ex ax ey ez"
              onClick={[Function]}
            >
              <div
                className="ak aq bm e2 f1"
              />
              <img
                alt="No backdrop"
                className="ak ee"
                src="https://image.tmdb.org/t/p/w1280/aZ1ZqJ4uO1RK5gU5jRsO4qG7rJo.jpg"
              />
            </button>
            <button
              className="bq ev b8 ae ew ex ax ey ez"
              onClick={[Function]}
            >
              <div
                className="ak aq bm e2 f1"
              />
              <img
                alt="No backdrop"
                className="ak ee"
                src="https://image.tmdb.org/t/p/w1280/n3UanIvmnBlH531pykuzNs4LbH6.jpg"
              />
            </button>
            <button
              className="bq ev b8 ae ew ex ax ey ez"
              onClick={[Function]}
            >
              <div
                className="ak aq bm e2 f1"
              />
              <img
                alt="No backdrop"
                className="ak ee"
                src="https://image.tmdb.org/t/p/w1280/1ZSjrBUHP2jm1QlQEyLGufL289q.jpg"
              />
            </button>
          </div>
        </div>
      </div>
    </div>
  </div>,
  <div
    className=""
  />,
]
`;

exports[`Storyshots components|Login Base 1`] = `
Array [
  <div
    className=""
  />,
  <div
    className=""
  />,
]
`;
